{
  "python": "F:\\pytorch\\Research\\.venv\\Scripts\\python.exe",
  "python_version": "3.12.14 (main, Aug 14 2026, 15:40:22) [MSC v.1944 64 bit (AMD64)]",
  "os": "Windows-11-10.0.26100-SP0",
  "started_utc": "2026-09-27T10:46:25.852902+00:00",
  "packages": {
    "numpy": "2.5.3",
    "pandas": "3.0.6",
    "xarray": "2026.7.0",
    "netCDF4": "1.7.4",
    "zarr": "3.4.0",
    "numcodecs": "0.17.0",
    "pyarrow": "25.0.1",
    "h5py": {
      "error": "No module named 'h5py'"
    },
    "h5netcdf": "1.8.1",
    "torch": "2.14.0+cpu"
  }
}
DEPENDENCY_GATE=PASS
2026-09-27 18:54:46,930 INFO STEP4_READER_SMOKE_PASS shape=(7, 501, 501) valid_fraction=1.000000
2026-09-27 18:54:52,184 INFO monthly QC 100/4390 read_success=100
2026-09-27 18:54:57,492 INFO monthly QC 200/4390 read_success=200
2026-09-27 18:55:03,257 INFO monthly QC 300/4390 read_success=300
2026-09-27 18:55:08,610 INFO monthly QC 400/4390 read_success=400
2026-09-27 18:55:14,540 INFO monthly QC 500/4390 read_success=500
2026-09-27 18:55:19,884 INFO monthly QC 600/4390 read_success=600
2026-09-27 18:55:24,939 INFO monthly QC 700/4390 read_success=700
2026-09-27 18:55:30,489 INFO monthly QC 800/4390 read_success=800
2026-09-27 18:55:35,609 INFO monthly QC 900/4390 read_success=900
2026-09-27 18:55:40,686 INFO monthly QC 1000/4390 read_success=1000
2026-09-27 18:55:46,498 INFO monthly QC 1100/4390 read_success=1100
2026-09-27 18:55:51,868 INFO monthly QC 1200/4390 read_success=1200
2026-09-27 18:55:57,058 INFO monthly QC 1300/4390 read_success=1300
2026-09-27 18:56:02,844 INFO monthly QC 1400/4390 read_success=1400
2026-09-27 18:56:08,256 INFO monthly QC 1500/4390 read_success=1500
2026-09-27 18:56:13,653 INFO monthly QC 1600/4390 read_success=1600
2026-09-27 18:56:19,452 INFO monthly QC 1700/4390 read_success=1700
2026-09-27 18:56:24,903 INFO monthly QC 1800/4390 read_success=1800
2026-09-27 18:56:30,712 INFO monthly QC 1900/4390 read_success=1900
2026-09-27 18:56:35,862 INFO monthly QC 2000/4390 read_success=2000
2026-09-27 18:56:41,122 INFO monthly QC 2100/4390 read_success=2100
2026-09-27 18:56:47,156 INFO monthly QC 2200/4390 read_success=2200
2026-09-27 18:56:52,397 INFO monthly QC 2300/4390 read_success=2300
2026-09-27 18:56:57,645 INFO monthly QC 2400/4390 read_success=2400
2026-09-27 18:57:03,551 INFO monthly QC 2500/4390 read_success=2500
2026-09-27 18:57:08,817 INFO monthly QC 2600/4390 read_success=2600
2026-09-27 18:57:14,030 INFO monthly QC 2700/4390 read_success=2700
2026-09-27 18:57:19,893 INFO monthly QC 2800/4390 read_success=2800
2026-09-27 18:57:25,205 INFO monthly QC 2900/4390 read_success=2900
2026-09-27 18:57:30,848 INFO monthly QC 3000/4390 read_success=3000
2026-09-27 18:57:36,092 INFO monthly QC 3100/4390 read_success=3100
2026-09-27 18:57:41,469 INFO monthly QC 3200/4390 read_success=3200
2026-09-27 18:57:47,316 INFO monthly QC 3300/4390 read_success=3300
2026-09-27 18:57:52,551 INFO monthly QC 3400/4390 read_success=3400
2026-09-27 18:57:57,847 INFO monthly QC 3500/4390 read_success=3500
2026-09-27 18:58:03,563 INFO monthly QC 3600/4390 read_success=3600
2026-09-27 18:58:08,372 INFO monthly QC 3700/4390 read_success=3700
2026-09-27 18:58:13,360 INFO monthly QC 3800/4390 read_success=3800
2026-09-27 18:58:18,831 INFO monthly QC 3900/4390 read_success=3900
2026-09-27 18:58:23,782 INFO monthly QC 4000/4390 read_success=4000
2026-09-27 18:58:28,672 INFO monthly QC 4100/4390 read_success=4100
2026-09-27 18:58:34,509 INFO monthly QC 4200/4390 read_success=4200
2026-09-27 18:58:39,507 INFO monthly QC 4300/4390 read_success=4300
2026-09-27 18:58:43,802 INFO monthly QC 4390/4390 read_success=4390
2026-09-27 18:58:46,105 INFO boundary QC 5/5 read_success=5
2026-09-27 18:58:46,364 INFO STEPS_4_7_COMPLETE {'status': 'STEPS_4_7_PASS', 'raw_files_scanned': 4390, 'read_success': 4390, 'read_failed': 0, 'reference_grid': 'e930fc8377b0d158b4b22834869896bcc5047b44e38b4c34f63b0b1103e4c255', 'satellites': ['H09'], 'total_targets': 4464, 'complete': 4020, 'incomplete': 444, 'boundary_files': 5, 'elapsed_seconds': 239.4312409999984, 'memory_peak_mb': 137.5546875, 'memory_baseline_mb': 101.09765625, 'memory_delta_mb': 36.45703125, 'process_lifetime_peak_mb': 137.88671875}
2026-09-27 19:02:22,826 ERROR RESUME_FAILED
Traceback (most recent call last):
  File "F:\pytorch\Research\stage0_himawari\src\run_stage0_dryrun.py", line 46, in main
    sample_audit(sequences,master,staging,out)
  File "F:\pytorch\Research\stage0_himawari\src\sample_audit.py", line 41, in sample_audit
    selection=select_samples(sequences,master)
              ^^^^^^^^^^^^^^^^^^^^^^^^^^^^^^^^
  File "F:\pytorch\Research\stage0_himawari\src\sample_audit.py", line 27, in select_samples
    for t in master.loc[master.flags.str.contains(flag,regex=False),"timestamp_filename_utc"].dropna().head(2):
                        ^^^^^^^^^^^^^^^^
AttributeError: 'Flags' object has no attribute 'str'
2026-09-27 19:03:41,487 INFO Sample audit 10/59
2026-09-27 19:03:45,285 INFO Sample audit 20/59
2026-09-27 19:03:48,086 INFO Sample audit 30/59
2026-09-27 19:03:50,707 INFO Sample audit 40/59
2026-09-27 19:03:53,378 INFO Sample audit 50/59
2026-09-27 19:03:55,712 INFO STEP8_SAMPLE_AUDIT_PASS
2026-09-27 19:04:01,990 INFO Benchmark create zarr grid=0 frames=50/352
2026-09-27 19:04:07,048 INFO Benchmark create zarr grid=0 frames=100/352
2026-09-27 19:04:12,043 INFO Benchmark create zarr grid=0 frames=150/352
2026-09-27 19:04:17,914 INFO Benchmark create zarr grid=0 frames=200/352
2026-09-27 19:04:22,894 INFO Benchmark create zarr grid=0 frames=250/352
2026-09-27 19:04:27,847 INFO Benchmark create zarr grid=0 frames=300/352
2026-09-27 19:04:33,640 INFO Benchmark create zarr grid=0 frames=350/352
2026-09-27 19:04:41,851 INFO Benchmark create netcdf4 grid=0 frames=50/352
2026-09-27 19:04:50,014 INFO Benchmark create netcdf4 grid=0 frames=100/352
2026-09-27 19:04:57,336 INFO Benchmark create netcdf4 grid=0 frames=150/352
2026-09-27 19:05:05,198 INFO Benchmark create netcdf4 grid=0 frames=200/352
2026-09-27 19:05:12,415 INFO Benchmark create netcdf4 grid=0 frames=250/352
2026-09-27 19:05:20,064 INFO Benchmark create netcdf4 grid=0 frames=300/352
2026-09-27 19:05:27,281 INFO Benchmark create netcdf4 grid=0 frames=350/352
2026-09-27 19:07:59,223 INFO STEP9_STORAGE_BENCHMARK_PASS
2026-09-27 19:08:01,924 INFO PyTorch dummy loading 10/50
2026-09-27 19:08:04,145 INFO PyTorch dummy loading 20/50
2026-09-27 19:08:06,368 INFO PyTorch dummy loading 30/50
2026-09-27 19:08:08,616 INFO PyTorch dummy loading 40/50
2026-09-27 19:08:10,866 INFO PyTorch dummy loading 50/50
2026-09-27 19:08:10,871 INFO STEP10_PYTORCH_DUMMY_PASS
2026-09-27 19:08:12,821 INFO FINAL_STATUS {'status': 'READY_FOR_RESEARCHER_REVIEW', 'resume_from': 'DRY_RUN_FAILED', 'ended_utc': '2026-09-27T11:08:12.794238+00:00', 'raw_files_scanned': 4390, 'read_success': 4390, 'read_failed': 0, 'reference_grid': 'e930fc8377b0d158b4b22834869896bcc5047b44e38b4c34f63b0b1103e4c255', 'satellites': ['H09'], 'total_targets': 4464, 'complete': 4020, 'incomplete': 444, 'boundary_files': 5, 'elapsed_seconds': 239.4312409999984, 'memory_peak_mb': 137.5546875, 'memory_baseline_mb': 101.09765625, 'memory_delta_mb': 36.45703125, 'process_lifetime_peak_mb': 137.88671875, 'sample_audit_pass_count': 56, 'expected_unloadable_sample_count': 3, 'random_audit_pass_count': 50, 'dummy_pass_count': 50, 'automated_tests_passed': 22, 'staging': {'copy_count': 5736, 'total_copied_bytes': 26856686346, 'peak_per_copy_bytes': 5935249, 'copy_seconds': 71.2629659001177, 'read_seconds': 157.85821770012262, 'cleanup_failed': 0, 'sha256_verified_copies': 29, 'current_staging_bytes': 0}, 'recommended_candidate': 'zarr for researcher review only', 'raw_h_drive_modified': False, 'formal_train_mean_std_computed': False, 'full_processing_started': False, 'covers_yunnan_context': 'PENDING_RESEARCHER_CONFIRMATION', 'scientific_timing_decision': 'UNRESOLVED_INTERNAL_TIMES_AFTER_NOMINAL'}
2026-09-27 19:11:18,129 Shuffled random-six-frame format=zarr repeat=0 seconds=7.002
2026-09-27 19:11:26,084 Shuffled random-six-frame format=netcdf4 repeat=0 seconds=7.954
2026-09-27 19:11:33,848 Shuffled random-six-frame format=netcdf4 repeat=1 seconds=7.761
2026-09-27 19:11:40,483 Shuffled random-six-frame format=zarr repeat=1 seconds=6.635
2026-09-27 19:11:46,935 Shuffled random-six-frame format=zarr repeat=2 seconds=6.449
2026-09-27 19:11:54,672 Shuffled random-six-frame format=netcdf4 repeat=2 seconds=7.737
2026-09-27 19:11:56,173 FINAL_REVISION_2_PASS {'status': 'READY_FOR_RESEARCHER_REVIEW', 'resume_from': 'DRY_RUN_FAILED', 'ended_utc': '2026-09-27T11:11:56.158362+00:00', 'raw_files_scanned': 4390, 'read_success': 4390, 'read_failed': 0, 'reference_grid': 'e930fc8377b0d158b4b22834869896bcc5047b44e38b4c34f63b0b1103e4c255', 'satellites': ['H09'], 'total_targets': 4464, 'complete': 4020, 'incomplete': 444, 'boundary_files': 5, 'elapsed_seconds': 239.4312409999984, 'memory_peak_mb': 137.5546875, 'memory_baseline_mb': 101.09765625, 'memory_delta_mb': 36.45703125, 'process_lifetime_peak_mb': 137.88671875, 'sample_audit_pass_count': 56, 'expected_unloadable_sample_count': 3, 'random_audit_pass_count': 50, 'dummy_pass_count': 50, 'automated_tests_passed': 22, 'staging': {'copy_count': 5736, 'total_copied_bytes': 26856686346, 'peak_per_copy_bytes': 5935249, 'copy_seconds': 71.2629659001177, 'read_seconds': 157.85821770012262, 'cleanup_failed': 0, 'sha256_verified_copies': 29, 'current_staging_bytes': 0}, 'recommended_candidate': 'zarr for researcher review only', 'raw_h_drive_modified': False, 'formal_train_mean_std_computed': False, 'full_processing_started': False, 'covers_yunnan_context': 'PENDING_RESEARCHER_CONFIRMATION', 'scientific_timing_decision': 'UNRESOLVED_INTERNAL_TIMES_AFTER_NOMINAL', 'revision': 2, 'storage_benchmark': 'benchmark/storage_benchmark_202407_v2.csv', 'shuffled_random_6frame_median_seconds': {'netcdf4': 0.1552208039999823, 'zarr': 0.13270665199990617}, 'final_artifact_validation': 'PASS', 'history_preserved': True}
