This is XeTeX, Version 3.141592653-2.6-0.999998 (MiKTeX 26.5) (preloaded format=xelatex.fmt)
entering extended mode
(PHASE_A_SCIENTIFIC_ACCEPTANCE.tex
LaTeX2e <2026-06-01>
L3 programming layer <2026-05-26>
(F:\MiKTex\tex/latex/ctex\ctexart.cls
(F:\MiKTex\tex/latex/ctex/config\ctexbackend.cfg)
(F:\MiKTex\tex/latex/l3kernel\expl3.sty
(F:\MiKTex\tex/latex/l3backend\l3backend-xetex.def))
Document Class: ctexart 2022/07/14 v2.5.10 Chinese adapter for class article (C
TEX)
(F:\MiKTex\tex/latex/ctex\ctexhook.sty) (F:\MiKTex\tex/latex/ctex\ctexpatch.sty
) (F:\MiKTex\tex/latex/base\fix-cm.sty (F:\MiKTex\tex/latex/base\ts1enc.def))
(F:\MiKTex\tex/latex/ctex/config\ctexopts.cfg)
(F:\MiKTex\tex/latex/base\article.cls
Document Class: article 2025/01/22 v1.4n Standard LaTeX document class
(F:\MiKTex\tex/latex/base\size10.clo))
(F:\MiKTex\tex/latex/ctex/engine\ctex-engine-xetex.def
(F:\MiKTex\tex/xelatex/xecjk\xeCJK.sty
(F:\MiKTex\tex/latex/l3packages/xtemplate\xtemplate.sty)
(F:\MiKTex\tex/latex/fontspec\fontspec.sty
(F:\MiKTex\tex/latex/l3packages/xparse\xparse.sty)
(F:\MiKTex\tex/latex/fontspec\fontspec-xetex.sty
(F:\MiKTex\tex/latex/base\fontenc.sty)
(F:\MiKTex\tex/latex/fontspec\fontspec.cfg)))
(F:\MiKTex\tex/xelatex/xecjk\xeCJK.cfg)))
(F:\MiKTex\tex/latex/zhnumber\zhnumber.sty
(F:\MiKTex\tex/latex/zhnumber\zhnumber-utf8.cfg))
(F:\MiKTex\tex/latex/ctex/scheme\ctex-scheme-chinese-article.def
(F:\MiKTex\tex/latex/ctex/config\ctex-name-utf8.cfg))
(F:\MiKTex\tex/latex/ctex/fontset\ctex-fontset-windows.def))
(F:\MiKTex\tex/latex/ctex/config\ctex.cfg)
(F:\MiKTex\tex/latex/geometry\geometry.sty
(F:\MiKTex\tex/latex/graphics\keyval.sty)
(F:\MiKTex\tex/generic/iftex\ifvtex.sty (F:\MiKTex\tex/generic/iftex\iftex.sty)
) (F:\MiKTex\tex/latex/geometry\geometry.cfg))
(F:\MiKTex\tex/latex/booktabs\booktabs.sty)
(F:\MiKTex\tex/latex/tools\longtable.sty) (F:\MiKTex\tex/latex/tools\array.sty)
 (F:\MiKTex\tex/latex/graphics\graphicx.sty
(F:\MiKTex\tex/latex/graphics\graphics.sty
(F:\MiKTex\tex/latex/graphics\trig.sty)
(F:\MiKTex\tex/latex/graphics-cfg\graphics.cfg)
(F:\MiKTex\tex/latex/graphics-def\xetex.def)))
(F:\MiKTex\tex/latex/hyperref\hyperref.sty
(F:\MiKTex\tex/latex/kvsetkeys\kvsetkeys.sty)
(F:\MiKTex\tex/generic/kvdefinekeys\kvdefinekeys.sty)
(F:\MiKTex\tex/generic/pdfescape\pdfescape.sty
(F:\MiKTex\tex/generic/ltxcmds\ltxcmds.sty)
(F:\MiKTex\tex/generic/pdftexcmds\pdftexcmds.sty
(F:\MiKTex\tex/generic/infwarerr\infwarerr.sty)))
(F:\MiKTex\tex/latex/hycolor\hycolor.sty)
(F:\MiKTex\tex/latex/hyperref\nameref.sty
(F:\MiKTex\tex/latex/refcount\refcount.sty)
(F:\MiKTex\tex/generic/gettitlestring\gettitlestring.sty
(F:\MiKTex\tex/latex/kvoptions\kvoptions.sty)))
(F:\MiKTex\tex/latex/etoolbox\etoolbox.sty)
(F:\MiKTex\tex/generic/stringenc\stringenc.sty)
(F:\MiKTex\tex/latex/hyperref\pd1enc.def)
(F:\MiKTex\tex/generic/intcalc\intcalc.sty)
(F:\MiKTex\tex/latex/hyperref\puenc.def) (F:\MiKTex\tex/latex/url\url.sty)
(F:\MiKTex\tex/generic/bitset\bitset.sty
(F:\MiKTex\tex/generic/bigintcalc\bigintcalc.sty)))
(F:\MiKTex\tex/latex/hyperref\hxetex.def
(F:\MiKTex\tex/latex/rerunfilecheck\rerunfilecheck.sty
(F:\MiKTex\tex/generic/uniquecounter\uniquecounter.sty)))
(F:\MiKTex\tex/latex/amsmath\amsmath.sty
For additional information on amsmath, use the `?' option.
(F:\MiKTex\tex/latex/amsmath\amstext.sty
(F:\MiKTex\tex/latex/amsmath\amsgen.sty))
(F:\MiKTex\tex/latex/amsmath\amsbsy.sty)
(F:\MiKTex\tex/latex/amsmath\amsopn.sty)) (PHASE_A_SCIENTIFIC_ACCEPTANCE.aux)
*geometry* driver: auto-detecting
*geometry* detected driver: xetex
(F:\MiKTex\tex/latex/graphics\color.sty
(F:\MiKTex\tex/latex/graphics-cfg\color.cfg)
(F:\MiKTex\tex/latex/graphics\mathcolor.ltx))
(PHASE_A_SCIENTIFIC_ACCEPTANCE.out) (PHASE_A_SCIENTIFIC_ACCEPTANCE.out)
[1] [2] [3] [4] [5]
Underfull \hbox (badness 10000) in paragraph at lines 93--93
[]\TU/lmr/m/n/10 B0_MATCHED_V2\TU/SimSun(0)/m/n/10 ：| \TU/lmr/m/n/10 32 tau \TU
/SimSun(0)/m/n/10 平 均 绝 对 覆 盖 误 差 \TU/lmr/m/n/10 0.0141068\TU/SimSun(0)/m/n/10 
；| \TU/lmr/m/n/10 q32 \TU/SimSun(0)/m/n/10 覆 盖 \TU/lmr/m/n/10 0.9574418\TU/SimS
un(0)/m/n/10 ，| \TU/lmr/m/n/10 95% \TU/SimSun(0)/m/n/10 探 索 区 间
[6] [7] [8]
Underfull \hbox (badness 5231) in paragraph at lines 142--143
[]\TU/SimSun(0)/m/n/10 远 端 提 交：| $[][][][][][][][][][][][][][][][][][][][][][][
][][][][][][][][][][][][][][][][][]$；|  核 验 时 刻 \TU/lmr/m/n/10 2026-10-09T00:40
:57.273183+00:00\TU/SimSun(0)/m/n/10 。|

Underfull \hbox (badness 3690) in paragraph at lines 144--145
[]\TU/SimSun(0)/m/n/10 工 程 状 态：|  完 整 \TU/lmr/m/n/10 epoch 14 LAST |\TU/SimSun(
0)/m/n/10 （\TU/lmr/m/n/10 update=73,192\TU/SimSun(0)/m/n/10 ）| \TU/lmr/m/n/10 m
odel\TU/SimSun(0)/m/n/10 、| \TU/lmr/m/n/10 optimizer\TU/SimSun(0)/m/n/10 、| \TU
/lmr/m/n/10 scheduler\TU/SimSun(0)/m/n/10 、| \TU/lmr/m/n/10 RNG \TU/SimSun(0)/m
/n/10 有 实 际 恢 复 收

Underfull \hbox (badness 3449) in paragraph at lines 144--145
\TU/SimSun(0)/m/n/10 据；| \TU/lmr/m/n/10 epoch 15 \TU/SimSun(0)/m/n/10 两 次 未 \TU
/lmr/m/n/10 checkpoint \TU/SimSun(0)/m/n/10 的 \TU/lmr/m/n/10 3,095+382=3,477 \T
U/SimSun(0)/m/n/10 更 新 全 部 丢 弃。|  重 跑 保 留 前 缀 的 \TU/lmr/m/n/10 sample or-
[9]
Underfull \hbox (badness 10000) in paragraph at lines 167--168
[]\TU/lmr/m/n/10 MODEL_PARAMETERS_UPDATED=false\TU/SimSun(0)/m/n/10 ；| \TU/lmr/
m/n/10 BACKWARD_CALLS=0\TU/SimSun(0)/m/n/10 ；| \TU/lmr/m/n/10 OPTIMIZER_STEPS=0
\TU/SimSun(0)/m/n/10 ；|

Underfull \hbox (badness 10000) in paragraph at lines 167--168
\TU/lmr/m/n/10 FORMAL_OPTIMIZER_STEPS_ADDED=0\TU/SimSun(0)/m/n/10 ；| \TU/lmr/m/
n/10 2025_RAW_ACCESS=0\TU/SimSun(0)/m/n/10 ；| \TU/lmr/m/n/10 2025_PIXELS_READ=0
\TU/SimSun(0)/m/n/10 ；|
[10]
Underfull \hbox (badness 6608) in paragraph at lines 177--177
[]|\TU/SimSun(0)/m/n/10 总 体 指 标、|  探 索 区 间、|  冻 结 样 本 和
miktex-dvipdfmx: major issue: So far, you have not checked for updates as a MiKTeX user.
[11] (PHASE_A_SCIENTIFIC_ACCEPTANCE.aux) )
(see the transcript file for additional information)
Output written on C:\Users\chenerxiao\Documents\极端降水预测\YunTAPR-Net-push-chunks\
docs\v2_scientific_acceptance\runs\run_20261009T112710_013267Z\delivery_v2\PHAS
E_A_SCIENTIFIC_ACCEPTANCE.pdf (11 pages).
Transcript written on C:\Users\chenerxiao\Documents\极端降水预测\YunTAPR-Net-push-chu
nks\docs\v2_scientific_acceptance\runs\run_20261009T112710_013267Z\delivery_v2\
PHASE_A_SCIENTIFIC_ACCEPTANCE.log.
xelatex: major issue: So far, you have not checked for updates as a MiKTeX user.
