New independent run; prior snapshots remain read-only.
2026-09-28 12:20:47,733 INFO GFS main-root audit 500/24388 read_success=500
2026-09-28 12:20:54,133 INFO GFS main-root audit 1000/24388 read_success=1000
2026-09-28 12:21:00,106 INFO GFS main-root audit 1500/24388 read_success=1500
2026-09-28 12:21:06,487 INFO GFS main-root audit 2000/24388 read_success=2000
2026-09-28 12:21:12,510 INFO GFS main-root audit 2500/24388 read_success=2500
2026-09-28 12:21:18,663 INFO GFS main-root audit 3000/24388 read_success=3000
2026-09-28 12:21:25,794 INFO GFS main-root audit 3500/24388 read_success=3500
2026-09-28 12:21:32,917 INFO GFS main-root audit 4000/24388 read_success=4000
2026-09-28 12:21:40,291 INFO GFS main-root audit 4500/24388 read_success=4500
2026-09-28 12:21:47,342 INFO GFS main-root audit 5000/24388 read_success=5000
2026-09-28 12:21:54,525 INFO GFS main-root audit 5500/24388 read_success=5500
2026-09-28 12:22:01,574 INFO GFS main-root audit 6000/24388 read_success=6000
2026-09-28 12:22:08,803 INFO GFS main-root audit 6500/24388 read_success=6500
2026-09-28 12:22:15,846 INFO GFS main-root audit 7000/24388 read_success=7000
2026-09-28 12:22:23,353 INFO GFS main-root audit 7500/24388 read_success=7500
2026-09-28 12:22:30,545 INFO GFS main-root audit 8000/24388 read_success=8000
2026-09-28 12:22:37,565 INFO GFS main-root audit 8500/24388 read_success=8500
2026-09-28 12:22:44,562 INFO GFS main-root audit 9000/24388 read_success=9000
2026-09-28 12:22:51,916 INFO GFS main-root audit 9500/24388 read_success=9500
2026-09-28 12:22:59,109 INFO GFS main-root audit 10000/24388 read_success=10000
2026-09-28 12:23:06,486 INFO GFS main-root audit 10500/24388 read_success=10500
2026-09-28 12:23:13,794 INFO GFS main-root audit 11000/24388 read_success=11000
2026-09-28 12:23:21,206 INFO GFS main-root audit 11500/24388 read_success=11500
2026-09-28 12:23:27,965 INFO GFS main-root audit 12000/24388 read_success=12000
2026-09-28 12:23:34,043 INFO GFS main-root audit 12500/24388 read_success=12500
2026-09-28 12:23:41,146 INFO GFS main-root audit 13000/24388 read_success=13000
2026-09-28 12:23:48,445 INFO GFS main-root audit 13500/24388 read_success=13500
2026-09-28 12:23:55,814 INFO GFS main-root audit 14000/24388 read_success=14000
2026-09-28 12:24:02,944 INFO GFS main-root audit 14500/24388 read_success=14500
2026-09-28 12:24:10,556 INFO GFS main-root audit 15000/24388 read_success=15000
2026-09-28 12:24:17,583 INFO GFS main-root audit 15500/24388 read_success=15500
2026-09-28 12:24:24,860 INFO GFS main-root audit 16000/24388 read_success=16000
2026-09-28 12:24:31,888 INFO GFS main-root audit 16500/24388 read_success=16500
2026-09-28 12:24:39,426 INFO GFS main-root audit 17000/24388 read_success=17000
2026-09-28 12:24:46,555 INFO GFS main-root audit 17500/24388 read_success=17500
2026-09-28 12:24:54,055 INFO GFS main-root audit 18000/24388 read_success=18000
2026-09-28 12:25:01,253 INFO GFS main-root audit 18500/24388 read_success=18500
2026-09-28 12:25:08,753 INFO GFS main-root audit 19000/24388 read_success=19000
2026-09-28 12:25:15,838 INFO GFS main-root audit 19500/24388 read_success=19500
2026-09-28 12:25:23,092 INFO GFS main-root audit 20000/24388 read_success=20000
2026-09-28 12:25:30,236 INFO GFS main-root audit 20500/24388 read_success=20500
2026-09-28 12:25:37,733 INFO GFS main-root audit 21000/24388 read_success=21000
2026-09-28 12:25:44,932 INFO GFS main-root audit 21500/24388 read_success=21500
2026-09-28 12:25:52,420 INFO GFS main-root audit 22000/24388 read_success=22000
2026-09-28 12:25:59,470 INFO GFS main-root audit 22500/24388 read_success=22500
2026-09-28 12:26:07,352 INFO GFS main-root audit 23000/24388 read_success=23000
2026-09-28 12:26:14,565 INFO GFS main-root audit 23500/24388 read_success=23500
2026-09-28 12:26:22,467 INFO GFS main-root audit 24000/24388 read_success=24000
2026-09-28 12:26:28,388 INFO GFS main-root audit 24388/24388 read_success=24388
{"phase": "reports_written", "status": "NEEDS_REVIEW", "utc": "2026-09-28T04:29:15.204415+00:00"}
{"phase": "A-P_closeout_written", "engineering_status": "PASS", "researcher_review_status": "NEEDS_REVIEW", "overall_status": "NEEDS_REVIEW", "gfs_status": "PARTIAL", "gfs_inventory_schedule_status_202503_202510": "READY", "stage0_engineering_closeout_ready": true, "stage0_closeout_ready": false, "stage0_closeout_definition": "Engineering deliverables complete; scientific/data-readiness closeout awaits listed review items. No Stage 1/B0 started.", "pass_items": ["A decision log separates frozen/provisional/unfrozen/gap/researcher review", "B two-file IMERG boundary reread and exact comparison with prior evidence", "C bounded GFS root discovery; no supplemental merge", "D inventory/year/month/size/parse/duplicate/zero-byte statistics", "E actual signatures and reader/import verification; no dependency changes", "F full-file coordinate/hash/dtype/shape/direction audit", "G canonical variable/level metadata availability", "H forbidden precipitation detection; never used as predictor", "I surface pressure metadata feasibility only", "J separate forecast/reference/valid/lead/creation/release/download/mtime evidence", "K calendar cycle/lead coverage", "L 24-row research matrix with 2025-10 IMERG MISSING", "M common numerical overlap candidate; no bbox freeze", "N schema only; no samples or Dataset", "O scoped pytest executed, including failure isolation and overwrite protection", "P before/after all-main-file size+mtime and selected hashes; bounded owned staging"], "blocked_items": [], "review_items": ["GFS T/RH gaps and secondary root", "auxiliary time metadata provenance", "operational availability and vintage", "IMERG native window mapping", "bbox/admin mask", "IMERG 2025-10", "independent validation"], "raw_data_modified": false, "prior_runs_modified": false, "tests": {"tests": 33, "failures": 0, "errors": 0, "skipped": 0}, "initial_test_setup_errors_resolved": 6, "NO_GFS_PRECIPITATION_USED_AS_MODEL_INPUT": true, "covers_yunnan_context": "PENDING_RESEARCHER_CONFIRMATION", "model_input_bbox": null, "formal_sample_pairing_executed": false, "completed_utc": "2026-09-28T04:29:22.869416+00:00"}
{"phase": "final_artifact_validation", "completed_utc": "2026-09-28T04:30:06.687188+00:00", "status": "PASS", "checks": 82, "scientific_overall_status": "NEEDS_REVIEW", "raw_mutation_executed": false}
{"phase": "current_requirements_validation", "status": "PASS", "checks": 24}
