REVIEW {"run_id": "run_20261002T005448_798068Z", "phase": "FULL_2024_REINFERENCE", "scenes_completed": 8, "scenes_required": 11727, "wall_seconds": 22.632155199999943, "N_valid": 27440, "N_rain": 137, "updated_utc": "2026-10-02T00:55:56.409213+00:00"}
REVIEW {"run_id": "run_20261002T005448_798068Z", "phase": "FULL_2024_REINFERENCE", "scenes_completed": 328, "scenes_required": 11727, "wall_seconds": 35.86595800000032, "N_valid": 1125040, "N_rain": 3491, "updated_utc": "2026-10-02T00:56:09.643162+00:00"}
REVIEW {"run_id": "run_20261002T005448_798068Z", "phase": "FULL_2024_REINFERENCE", "scenes_completed": 648, "scenes_required": 11727, "wall_seconds": 49.3261207000005, "N_valid": 2222640, "N_rain": 6901, "updated_utc": "2026-10-02T00:56:23.103124+00:00"}
REVIEW {"run_id": "run_20261002T005448_798068Z", "phase": "FULL_2024_REINFERENCE", "scenes_completed": 968, "scenes_required": 11727, "wall_seconds": 62.74069300000065, "N_valid": 3320240, "N_rain": 14681, "updated_utc": "2026-10-02T00:56:36.518356+00:00"}
REVIEW {"run_id": "run_20261002T005448_798068Z", "phase": "FULL_2024_REINFERENCE", "scenes_completed": 1288, "scenes_required": 11727, "wall_seconds": 76.1977538000001, "N_valid": 4417840, "N_rain": 51771, "updated_utc": "2026-10-02T00:56:49.975286+00:00"}
REVIEW {"run_id": "run_20261002T005448_798068Z", "phase": "FULL_2024_REINFERENCE", "scenes_completed": 1608, "scenes_required": 11727, "wall_seconds": 89.68269790000068, "N_valid": 5515440, "N_rain": 94139, "updated_utc": "2026-10-02T00:57:03.460427+00:00"}
REVIEW {"run_id": "run_20261002T005448_798068Z", "phase": "FULL_2024_REINFERENCE", "scenes_completed": 1928, "scenes_required": 11727, "wall_seconds": 103.24091120000048, "N_valid": 6613040, "N_rain": 111801, "updated_utc": "2026-10-02T00:57:17.018189+00:00"}
REVIEW {"run_id": "run_20261002T005448_798068Z", "phase": "FULL_2024_REINFERENCE", "scenes_completed": 2248, "scenes_required": 11727, "wall_seconds": 116.64743640000052, "N_valid": 7710640, "N_rain": 130372, "updated_utc": "2026-10-02T00:57:30.424947+00:00"}
REVIEW {"run_id": "run_20261002T005448_798068Z", "phase": "FULL_2024_REINFERENCE", "scenes_completed": 2568, "scenes_required": 11727, "wall_seconds": 130.05695040000046, "N_valid": 8808240, "N_rain": 197744, "updated_utc": "2026-10-02T00:57:43.834651+00:00"}
REVIEW {"run_id": "run_20261002T005448_798068Z", "phase": "FULL_2024_REINFERENCE", "scenes_completed": 2888, "scenes_required": 11727, "wall_seconds": 143.312414, "N_valid": 9905840, "N_rain": 226258, "updated_utc": "2026-10-02T00:57:57.090097+00:00"}
REVIEW {"run_id": "run_20261002T005448_798068Z", "phase": "FULL_2024_REINFERENCE", "scenes_completed": 3208, "scenes_required": 11727, "wall_seconds": 156.65641370000048, "N_valid": 11003440, "N_rain": 321281, "updated_utc": "2026-10-02T00:58:10.433650+00:00"}
REVIEW {"run_id": "run_20261002T005448_798068Z", "phase": "FULL_2024_REINFERENCE", "scenes_completed": 3528, "scenes_required": 11727, "wall_seconds": 170.25666330000058, "N_valid": 12101040, "N_rain": 460700, "updated_utc": "2026-10-02T00:58:24.034469+00:00"}
REVIEW {"run_id": "run_20261002T005448_798068Z", "phase": "FULL_2024_REINFERENCE", "scenes_completed": 3848, "scenes_required": 11727, "wall_seconds": 183.75209059999997, "N_valid": 13198640, "N_rain": 573566, "updated_utc": "2026-10-02T00:58:37.529931+00:00"}
REVIEW {"run_id": "run_20261002T005448_798068Z", "phase": "FULL_2024_REINFERENCE", "scenes_completed": 4168, "scenes_required": 11727, "wall_seconds": 197.38404489999994, "N_valid": 14296240, "N_rain": 760324, "updated_utc": "2026-10-02T00:58:51.162164+00:00"}
REVIEW {"run_id": "run_20261002T005448_798068Z", "phase": "FULL_2024_REINFERENCE", "scenes_completed": 4488, "scenes_required": 11727, "wall_seconds": 210.98757540000042, "N_valid": 15393840, "N_rain": 930290, "updated_utc": "2026-10-02T00:59:04.765022+00:00"}
REVIEW {"run_id": "run_20261002T005448_798068Z", "phase": "FULL_2024_REINFERENCE", "scenes_completed": 4808, "scenes_required": 11727, "wall_seconds": 224.57207460000063, "N_valid": 16491440, "N_rain": 1078085, "updated_utc": "2026-10-02T00:59:18.349817+00:00"}
REVIEW {"run_id": "run_20261002T005448_798068Z", "phase": "FULL_2024_REINFERENCE", "scenes_completed": 5128, "scenes_required": 11727, "wall_seconds": 238.2014489000003, "N_valid": 17589040, "N_rain": 1258679, "updated_utc": "2026-10-02T00:59:31.979433+00:00"}
REVIEW {"run_id": "run_20261002T005448_798068Z", "phase": "FULL_2024_REINFERENCE", "scenes_completed": 5448, "scenes_required": 11727, "wall_seconds": 251.6763479000001, "N_valid": 18686640, "N_rain": 1394535, "updated_utc": "2026-10-02T00:59:45.454788+00:00"}
REVIEW {"run_id": "run_20261002T005448_798068Z", "phase": "FULL_2024_REINFERENCE", "scenes_completed": 5768, "scenes_required": 11727, "wall_seconds": 265.69667090000075, "N_valid": 19784240, "N_rain": 1637061, "updated_utc": "2026-10-02T00:59:59.474735+00:00"}
REVIEW {"run_id": "run_20261002T005448_798068Z", "phase": "FULL_2024_REINFERENCE", "scenes_completed": 6088, "scenes_required": 11727, "wall_seconds": 279.4868548000004, "N_valid": 20881840, "N_rain": 1951766, "updated_utc": "2026-10-02T01:00:13.264855+00:00"}
REVIEW {"run_id": "run_20261002T005448_798068Z", "phase": "FULL_2024_REINFERENCE", "scenes_completed": 6408, "scenes_required": 11727, "wall_seconds": 293.10542440000063, "N_valid": 21979440, "N_rain": 2135214, "updated_utc": "2026-10-02T01:00:26.883332+00:00"}
REVIEW {"run_id": "run_20261002T005448_798068Z", "phase": "FULL_2024_REINFERENCE", "scenes_completed": 6728, "scenes_required": 11727, "wall_seconds": 306.6961323000005, "N_valid": 23077040, "N_rain": 2293828, "updated_utc": "2026-10-02T01:00:40.474428+00:00"}
REVIEW {"run_id": "run_20261002T005448_798068Z", "phase": "FULL_2024_REINFERENCE", "scenes_completed": 7048, "scenes_required": 11727, "wall_seconds": 320.17537640000046, "N_valid": 24174640, "N_rain": 2469821, "updated_utc": "2026-10-02T01:00:53.954140+00:00"}
REVIEW {"run_id": "run_20261002T005448_798068Z", "phase": "FULL_2024_REINFERENCE", "scenes_completed": 7368, "scenes_required": 11727, "wall_seconds": 333.75829410000006, "N_valid": 25272240, "N_rain": 2800540, "updated_utc": "2026-10-02T01:01:07.536979+00:00"}
REVIEW {"run_id": "run_20261002T005448_798068Z", "phase": "FULL_2024_REINFERENCE", "scenes_completed": 7688, "scenes_required": 11727, "wall_seconds": 347.2436200000002, "N_valid": 26369840, "N_rain": 3008950, "updated_utc": "2026-10-02T01:01:21.022458+00:00"}
REVIEW {"run_id": "run_20261002T005448_798068Z", "phase": "FULL_2024_REINFERENCE", "scenes_completed": 8008, "scenes_required": 11727, "wall_seconds": 360.6795565000002, "N_valid": 27467440, "N_rain": 3168443, "updated_utc": "2026-10-02T01:01:34.457584+00:00"}
REVIEW {"run_id": "run_20261002T005448_798068Z", "phase": "FULL_2024_REINFERENCE", "scenes_completed": 8328, "scenes_required": 11727, "wall_seconds": 374.35611750000044, "N_valid": 28565040, "N_rain": 3400102, "updated_utc": "2026-10-02T01:01:48.134286+00:00"}
REVIEW {"run_id": "run_20261002T005448_798068Z", "phase": "FULL_2024_REINFERENCE", "scenes_completed": 8648, "scenes_required": 11727, "wall_seconds": 388.1810779000007, "N_valid": 29662640, "N_rain": 3546336, "updated_utc": "2026-10-02T01:02:01.959168+00:00"}
REVIEW {"run_id": "run_20261002T005448_798068Z", "phase": "FULL_2024_REINFERENCE", "scenes_completed": 8968, "scenes_required": 11727, "wall_seconds": 401.9943742000005, "N_valid": 30760240, "N_rain": 3727238, "updated_utc": "2026-10-02T01:02:15.772664+00:00"}
REVIEW {"run_id": "run_20261002T005448_798068Z", "phase": "FULL_2024_REINFERENCE", "scenes_completed": 9288, "scenes_required": 11727, "wall_seconds": 415.9167369000006, "N_valid": 31857840, "N_rain": 4009289, "updated_utc": "2026-10-02T01:02:29.695179+00:00"}
REVIEW {"run_id": "run_20261002T005448_798068Z", "phase": "FULL_2024_REINFERENCE", "scenes_completed": 9608, "scenes_required": 11727, "wall_seconds": 429.6019530000003, "N_valid": 32955440, "N_rain": 4133382, "updated_utc": "2026-10-02T01:02:43.380148+00:00"}
REVIEW {"run_id": "run_20261002T005448_798068Z", "phase": "FULL_2024_REINFERENCE", "scenes_completed": 9928, "scenes_required": 11727, "wall_seconds": 442.85987530000057, "N_valid": 34053040, "N_rain": 4183322, "updated_utc": "2026-10-02T01:02:56.638443+00:00"}
REVIEW {"run_id": "run_20261002T005448_798068Z", "phase": "FULL_2024_REINFERENCE", "scenes_completed": 10248, "scenes_required": 11727, "wall_seconds": 456.2212698000003, "N_valid": 35150640, "N_rain": 4335261, "updated_utc": "2026-10-02T01:03:09.999559+00:00"}
REVIEW {"run_id": "run_20261002T005448_798068Z", "phase": "FULL_2024_REINFERENCE", "scenes_completed": 10568, "scenes_required": 11727, "wall_seconds": 469.9440469000001, "N_valid": 36248240, "N_rain": 4409440, "updated_utc": "2026-10-02T01:03:23.722773+00:00"}
REVIEW {"run_id": "run_20261002T005448_798068Z", "phase": "FULL_2024_REINFERENCE", "scenes_completed": 10888, "scenes_required": 11727, "wall_seconds": 483.0926855000007, "N_valid": 37345840, "N_rain": 4528866, "updated_utc": "2026-10-02T01:03:36.871435+00:00"}
REVIEW {"run_id": "run_20261002T005448_798068Z", "phase": "FULL_2024_REINFERENCE", "scenes_completed": 11208, "scenes_required": 11727, "wall_seconds": 496.2085665000004, "N_valid": 38443440, "N_rain": 4657836, "updated_utc": "2026-10-02T01:03:49.987493+00:00"}
REVIEW {"run_id": "run_20261002T005448_798068Z", "phase": "FULL_2024_REINFERENCE", "scenes_completed": 11528, "scenes_required": 11727, "wall_seconds": 509.29915600000004, "N_valid": 39541040, "N_rain": 4798566, "updated_utc": "2026-10-02T01:04:03.077962+00:00"}
REVIEW {"run_id": "run_20261002T005448_798068Z", "phase": "FULL_2024_REINFERENCE", "scenes_completed": 11727, "scenes_required": 11727, "wall_seconds": 517.3918801, "N_valid": 40223610, "N_rain": 4809183, "updated_utc": "2026-10-02T01:04:11.170471+00:00"}
C:\Users\chenerxiao\Documents\极端降水预测\YunTAPR-Net-push-chunks\scripts\review_b0_phase_a_scientific_v1.py:460: DeprecationWarning: Setting the shape on a NumPy array has been deprecated in NumPy 2.5.
As an alternative, you can create a new view using np.reshape (with copy=False if needed).
  mask[:] = yunnan
C:\Users\chenerxiao\Documents\极端降水预测\YunTAPR-Net-push-chunks\scripts\review_b0_phase_a_scientific_v1.py:463: DeprecationWarning: Setting the shape on a NumPy array has been deprecated in NumPy 2.5.
As an alternative, you can create a new view using np.reshape (with copy=False if needed).
  variable[:] = values
REINFERENCE_PASS run_20261002T005448_798068Z
