{"analysis_group_complete": "ALL"}
{"analysis_group_complete": "MONTH_03"}
{"analysis_group_complete": "MONTH_04"}
{"analysis_group_complete": "MONTH_05"}
{"analysis_group_complete": "MONTH_06"}
{"analysis_group_complete": "MONTH_07"}
{"analysis_group_complete": "MONTH_08"}
{"analysis_group_complete": "MONTH_09"}
{"analysis_group_complete": "MONTH_10"}
{"analysis_group_complete": "MAM"}
{"analysis_group_complete": "JJA"}
{"analysis_group_complete": "SO_PARTIAL_AUTUMN"}
{"analysis_group_complete": "CIVIL_DAY_PROXY"}
{"analysis_group_complete": "CIVIL_NIGHT_PROXY"}
{"analysis_group_complete": "DRY_LE_0.1"}
{"analysis_group_complete": "(0.1,1]"}
{"analysis_group_complete": "(1,5]"}
{"analysis_group_complete": "(5,10]"}
{"analysis_group_complete": "(10,20]"}
{"analysis_group_complete": "(20,30]"}
{"analysis_group_complete": "(30,50]"}
{"analysis_group_complete": "(50,inf)"}
