This is XeTeX, Version 3.141592653-2.6-0.999998 (MiKTeX 26.5) (preloaded format=xelatex.fmt)
entering extended mode
(V2_PAIRED_PHASE_A_REVIEW.tex
LaTeX2e <2026-06-01>
L3 programming layer <2026-05-26>
(F:\MiKTex\tex/latex/ctex\ctexart.cls
(F:\MiKTex\tex/latex/ctex/config\ctexbackend.cfg)
(F:\MiKTex\tex/latex/l3kernel\expl3.sty
(F:\MiKTex\tex/latex/l3backend\l3backend-xetex.def))
Document Class: ctexart 2022/07/14 v2.5.10 Chinese adapter for class article (C
TEX)
(F:\MiKTex\tex/latex/ctex\ctexhook.sty) (F:\MiKTex\tex/latex/ctex\ctexpatch.sty
) (F:\MiKTex\tex/latex/base\fix-cm.sty (F:\MiKTex\tex/latex/base\ts1enc.def))
(F:\MiKTex\tex/latex/ctex/config\ctexopts.cfg)
(F:\MiKTex\tex/latex/base\article.cls
Document Class: article 2025/01/22 v1.4n Standard LaTeX document class
(F:\MiKTex\tex/latex/base\size11.clo))
(F:\MiKTex\tex/latex/ctex/engine\ctex-engine-xetex.def
(F:\MiKTex\tex/xelatex/xecjk\xeCJK.sty
(F:\MiKTex\tex/latex/l3packages/xtemplate\xtemplate.sty)
(F:\MiKTex\tex/latex/fontspec\fontspec.sty
(F:\MiKTex\tex/latex/l3packages/xparse\xparse.sty)
(F:\MiKTex\tex/latex/fontspec\fontspec-xetex.sty
(F:\MiKTex\tex/latex/base\fontenc.sty)
(F:\MiKTex\tex/latex/fontspec\fontspec.cfg)))
(F:\MiKTex\tex/xelatex/xecjk\xeCJK.cfg)))
(F:\MiKTex\tex/latex/zhnumber\zhnumber.sty
(F:\MiKTex\tex/latex/zhnumber\zhnumber-utf8.cfg))
(F:\MiKTex\tex/latex/ctex/scheme\ctex-scheme-chinese-article.def
(F:\MiKTex\tex/latex/ctex/config\ctex-name-utf8.cfg))
(F:\MiKTex\tex/latex/ctex/fontset\ctex-fontset-windows.def))
(F:\MiKTex\tex/latex/ctex/config\ctex.cfg)
(F:\MiKTex\tex/latex/geometry\geometry.sty
(F:\MiKTex\tex/latex/graphics\keyval.sty)
(F:\MiKTex\tex/generic/iftex\ifvtex.sty (F:\MiKTex\tex/generic/iftex\iftex.sty)
) (F:\MiKTex\tex/latex/geometry\geometry.cfg))
(F:\MiKTex\tex/latex/booktabs\booktabs.sty)
(F:\MiKTex\tex/latex/tools\longtable.sty) (F:\MiKTex\tex/latex/tools\array.sty)
 (F:\MiKTex\tex/latex/hyperref\hyperref.sty
(F:\MiKTex\tex/latex/kvsetkeys\kvsetkeys.sty)
(F:\MiKTex\tex/generic/kvdefinekeys\kvdefinekeys.sty)
(F:\MiKTex\tex/generic/pdfescape\pdfescape.sty
(F:\MiKTex\tex/generic/ltxcmds\ltxcmds.sty)
(F:\MiKTex\tex/generic/pdftexcmds\pdftexcmds.sty
(F:\MiKTex\tex/generic/infwarerr\infwarerr.sty)))
(F:\MiKTex\tex/latex/hycolor\hycolor.sty)
(F:\MiKTex\tex/latex/hyperref\nameref.sty
(F:\MiKTex\tex/latex/refcount\refcount.sty)
(F:\MiKTex\tex/generic/gettitlestring\gettitlestring.sty
(F:\MiKTex\tex/latex/kvoptions\kvoptions.sty)))
(F:\MiKTex\tex/latex/etoolbox\etoolbox.sty)
(F:\MiKTex\tex/generic/stringenc\stringenc.sty)
(F:\MiKTex\tex/latex/hyperref\pd1enc.def)
(F:\MiKTex\tex/generic/intcalc\intcalc.sty)
(F:\MiKTex\tex/latex/hyperref\puenc.def) (F:\MiKTex\tex/latex/url\url.sty)
(F:\MiKTex\tex/generic/bitset\bitset.sty
(F:\MiKTex\tex/generic/bigintcalc\bigintcalc.sty)))
(F:\MiKTex\tex/latex/hyperref\hxetex.def
(F:\MiKTex\tex/latex/rerunfilecheck\rerunfilecheck.sty
(F:\MiKTex\tex/generic/uniquecounter\uniquecounter.sty)))
No file V2_PAIRED_PHASE_A_REVIEW.aux.
*geometry* driver: auto-detecting
*geometry* detected driver: xetex

Package hyperref Warning: Rerun to get /PageLabels entry.

[1] [2]

Package longtable Warning: Column widths have changed
(longtable)                in table 1 on input line 51.


Package longtable Warning: Column widths have changed
(longtable)                in table 2 on input line 74.

[3] [4]

Package longtable Warning: Table widths have changed. Rerun LaTeX.

[5] (V2_PAIRED_PHASE_A_REVIEW.aux)

Package rerunfilecheck Warning: File `V2_PAIRED_PHASE_A_REVIEW.out' has changed
.
(rerunfilecheck)                Rerun to get outlines right
(rerunfilecheck)                or use package `bookmark'.

 )
Output written on C:\Users\chenerxiao\Documents\极端降水预测\YunTAPR-Net-push-chunks\
docs\v2_phase_a_review\paired_packets\run_20261009T072307_459014Z\pdf_delivery_
v2\V2_PAIRED_PHASE_A_REVIEW.pdf (5 pages).
Transcript written on C:\Users\chenerxiao\Documents\极端降水预测\YunTAPR-Net-push-chu
nks\docs\v2_phase_a_review\paired_packets\run_20261009T072307_459014Z\pdf_deliv
ery_v2\V2_PAIRED_PHASE_A_REVIEW.log.
