START CONTINUOUS ENGINEERING
{
  "python": "F:\\pytorch\\Research\\.venv\\Scripts\\python.exe",
  "python_version": "3.12.14 (main, Aug 14 2026, 15:40:22) [MSC v.1944 64 bit (AMD64)]",
  "platform": "Windows-11-10.0.26100-SP0",
  "packages": {
    "certifi": "2026.7.22",
    "cftime": "1.6.5",
    "click": "8.5.0",
    "cloudpickle": "3.1.2",
    "colorama": "0.4.6",
    "contourpy": "1.4.0",
    "cycler": "0.12.1",
    "dask": "2026.8.0",
    "donfig": "0.8.1.post1",
    "filelock": "4.0.3",
    "fonttools": "4.66.0",
    "fsspec": "2026.9.0",
    "google-crc32c": "1.9.0",
    "h5netcdf": "1.8.1",
    "iniconfig": "2.3.0",
    "Jinja2": "3.1.6",
    "kiwisolver": "1.5.1",
    "locket": "1.0.0",
    "MarkupSafe": "3.0.3",
    "matplotlib": "3.11.2",
    "mpmath": "1.3.0",
    "msgspec": "0.21.1",
    "netCDF4": "1.7.4",
    "networkx": "3.7",
    "numcodecs": "0.17.0",
    "numpy": "2.5.3",
    "packaging": "26.3",
    "pandas": "3.0.6",
    "partd": "1.4.2",
    "pillow": "12.3.0",
    "pip": "26.2.1",
    "pluggy": "1.6.0",
    "pyarrow": "25.0.1",
    "Pygments": "2.21.0",
    "pyparsing": "3.3.3",
    "pytest": "9.1.1",
    "python-dateutil": "2.9.0.post0",
    "PyYAML": "6.0.3",
    "scipy": "1.18.1",
    "setuptools": "84.0.0",
    "six": "1.17.0",
    "sympy": "1.14.0",
    "toolz": "1.1.0",
    "torch": "2.14.0",
    "typing_extensions": "4.16.0",
    "tzdata": "2026.4",
    "xarray": "2026.7.0",
    "zarr": "3.4.0"
  },
  "started_utc": "2026-09-28T03:14:44.414318+00:00",
  "output_dir": "F:\\pytorch\\Research\\outputs\\stage0_continuous_engineering\\run_20260928T031444_178129Z",
  "cache_dir": "F:\\pytorch\\Research\\cache\\stage0_continuous_engineering\\run_20260928T031444_178129Z"
}
2026-09-28 11:28:16,672 INFO GFS main-root audit 500/24388 read_success=500
2026-09-28 11:28:23,176 INFO GFS main-root audit 1000/24388 read_success=1000
2026-09-28 11:28:30,162 INFO GFS main-root audit 1500/24388 read_success=1500
2026-09-28 11:28:36,607 INFO GFS main-root audit 2000/24388 read_success=2000
2026-09-28 11:28:43,720 INFO GFS main-root audit 2500/24388 read_success=2500
2026-09-28 11:28:50,143 INFO GFS main-root audit 3000/24388 read_success=3000
2026-09-28 11:28:57,645 INFO GFS main-root audit 3500/24388 read_success=3500
2026-09-28 11:29:05,027 INFO GFS main-root audit 4000/24388 read_success=4000
2026-09-28 11:29:12,910 INFO GFS main-root audit 4500/24388 read_success=4500
2026-09-28 11:29:20,276 INFO GFS main-root audit 5000/24388 read_success=5000
2026-09-28 11:29:28,176 INFO GFS main-root audit 5500/24388 read_success=5500
2026-09-28 11:29:35,651 INFO GFS main-root audit 6000/24388 read_success=6000
2026-09-28 11:29:43,339 INFO GFS main-root audit 6500/24388 read_success=6500
2026-09-28 11:29:50,781 INFO GFS main-root audit 7000/24388 read_success=7000
2026-09-28 11:29:58,835 INFO GFS main-root audit 7500/24388 read_success=7500
2026-09-28 11:30:06,149 INFO GFS main-root audit 8000/24388 read_success=8000
2026-09-28 11:30:14,090 INFO GFS main-root audit 8500/24388 read_success=8500
2026-09-28 11:30:21,622 INFO GFS main-root audit 9000/24388 read_success=9000
2026-09-28 11:30:29,408 INFO GFS main-root audit 9500/24388 read_success=9500
2026-09-28 11:30:36,906 INFO GFS main-root audit 10000/24388 read_success=10000
2026-09-28 11:30:44,581 INFO GFS main-root audit 10500/24388 read_success=10500
2026-09-28 11:30:51,993 INFO GFS main-root audit 11000/24388 read_success=11000
2026-09-28 11:30:59,732 INFO GFS main-root audit 11500/24388 read_success=11500
2026-09-28 11:31:07,018 INFO GFS main-root audit 12000/24388 read_success=12000
2026-09-28 11:31:13,940 INFO GFS main-root audit 12500/24388 read_success=12500
2026-09-28 11:31:21,291 INFO GFS main-root audit 13000/24388 read_success=13000
2026-09-28 11:31:28,684 INFO GFS main-root audit 13500/24388 read_success=13500
2026-09-28 11:31:35,991 INFO GFS main-root audit 14000/24388 read_success=14000
2026-09-28 11:31:44,080 INFO GFS main-root audit 14500/24388 read_success=14500
2026-09-28 11:31:51,592 INFO GFS main-root audit 15000/24388 read_success=15000
2026-09-28 11:31:59,167 INFO GFS main-root audit 15500/24388 read_success=15500
2026-09-28 11:32:06,892 INFO GFS main-root audit 16000/24388 read_success=16000
2026-09-28 11:32:14,812 INFO GFS main-root audit 16500/24388 read_success=16500
2026-09-28 11:32:22,792 INFO GFS main-root audit 17000/24388 read_success=17000
2026-09-28 11:32:30,871 INFO GFS main-root audit 17500/24388 read_success=17500
2026-09-28 11:32:38,704 INFO GFS main-root audit 18000/24388 read_success=18000
2026-09-28 11:32:46,459 INFO GFS main-root audit 18500/24388 read_success=18500
2026-09-28 11:32:54,592 INFO GFS main-root audit 19000/24388 read_success=19000
2026-09-28 11:33:02,108 INFO GFS main-root audit 19500/24388 read_success=19500
2026-09-28 11:33:10,314 INFO GFS main-root audit 20000/24388 read_success=20000
2026-09-28 11:33:17,769 INFO GFS main-root audit 20500/24388 read_success=20500
2026-09-28 11:33:25,597 INFO GFS main-root audit 21000/24388 read_success=21000
2026-09-28 11:33:33,205 INFO GFS main-root audit 21500/24388 read_success=21500
2026-09-28 11:33:41,728 INFO GFS main-root audit 22000/24388 read_success=22000
2026-09-28 11:33:49,251 INFO GFS main-root audit 22500/24388 read_success=22500
2026-09-28 11:33:57,120 INFO GFS main-root audit 23000/24388 read_success=23000
2026-09-28 11:34:04,685 INFO GFS main-root audit 23500/24388 read_success=23500
2026-09-28 11:34:12,217 INFO GFS main-root audit 24000/24388 read_success=24000
2026-09-28 11:34:17,934 INFO GFS main-root audit 24388/24388 read_success=24388
{"phase": "reports_written", "status": "NEEDS_REVIEW", "utc": "2026-09-28T03:44:48.693534+00:00"}
{"phase": "final_artifact_validation", "completed_utc": "2026-09-28T03:48:01.867636+00:00", "status": "PASS", "checks": 72, "scientific_overall_status": "NEEDS_REVIEW", "raw_mutation_executed": false}
