2026-09-27 18:26:45,646 INFO Started 2026-09-27T10:26:45.638388+00:00; Python=F:\pytorch\Research\.venv\Scripts\python.exe; outputs=F:\pytorch\Research\stage0_himawari\outputs\202407\run_20260927T102645_638388Z
2026-09-27 18:26:48,115 INFO Missing required dependencies: ['numcodecs', 'zarr', 'pyarrow OR fastparquet']
2026-09-27 18:26:51,072 INFO Scanned files=4390 bytes=20516057371
2026-09-27 18:26:51,153 INFO Backend=netcdf4 strategy=direct success=False file=NC_H09_20240701_0000_R21_FLDK.06001_06001.nc error=[Errno 2] No such file or directory: 'H:\\葵花202303_202510\\202407\\01\\NC_H09_20240701_0000_R21_FLDK.06001_06001.nc'
2026-09-27 18:26:51,154 INFO Backend=h5netcdf strategy=direct success=False file=NC_H09_20240701_0000_R21_FLDK.06001_06001.nc error=No module named 'h5py', backend not available. Please install 'h5py' into your Python environment.
2026-09-27 18:26:51,156 INFO Backend=h5py strategy=direct success=False file=NC_H09_20240701_0000_R21_FLDK.06001_06001.nc error=No module named 'h5py'
2026-09-27 18:26:51,157 INFO Backend=netcdf4 strategy=direct success=False file=NC_H09_20240708_1810_R21_FLDK.06001_06001.nc error=[Errno 2] No such file or directory: 'H:\\葵花202303_202510\\202407\\08\\NC_H09_20240708_1810_R21_FLDK.06001_06001.nc'
2026-09-27 18:26:51,157 INFO Backend=h5netcdf strategy=direct success=False file=NC_H09_20240708_1810_R21_FLDK.06001_06001.nc error=No module named 'h5py', backend not available. Please install 'h5py' into your Python environment.
2026-09-27 18:26:51,158 INFO Backend=h5py strategy=direct success=False file=NC_H09_20240708_1810_R21_FLDK.06001_06001.nc error=No module named 'h5py'
2026-09-27 18:26:51,159 INFO Backend=netcdf4 strategy=direct success=False file=NC_H09_20240716_1150_R21_FLDK.06001_06001.nc error=[Errno 2] No such file or directory: 'H:\\葵花202303_202510\\202407\\16\\NC_H09_20240716_1150_R21_FLDK.06001_06001.nc'
2026-09-27 18:26:51,159 INFO Backend=h5netcdf strategy=direct success=False file=NC_H09_20240716_1150_R21_FLDK.06001_06001.nc error=No module named 'h5py', backend not available. Please install 'h5py' into your Python environment.
2026-09-27 18:26:51,161 INFO Backend=h5py strategy=direct success=False file=NC_H09_20240716_1150_R21_FLDK.06001_06001.nc error=No module named 'h5py'
2026-09-27 18:26:51,161 INFO Backend=netcdf4 strategy=direct success=False file=NC_H09_20240724_0620_R21_FLDK.06001_06001.nc error=[Errno 2] No such file or directory: 'H:\\葵花202303_202510\\202407\\24\\NC_H09_20240724_0620_R21_FLDK.06001_06001.nc'
2026-09-27 18:26:51,162 INFO Backend=h5netcdf strategy=direct success=False file=NC_H09_20240724_0620_R21_FLDK.06001_06001.nc error=No module named 'h5py', backend not available. Please install 'h5py' into your Python environment.
2026-09-27 18:26:51,163 INFO Backend=h5py strategy=direct success=False file=NC_H09_20240724_0620_R21_FLDK.06001_06001.nc error=No module named 'h5py'
2026-09-27 18:26:51,163 INFO Backend=netcdf4 strategy=direct success=False file=NC_H09_20240731_2350_R21_FLDK.06001_06001.nc error=[Errno 2] No such file or directory: 'H:\\葵花202303_202510\\202407\\31\\NC_H09_20240731_2350_R21_FLDK.06001_06001.nc'
2026-09-27 18:26:51,164 INFO Backend=h5netcdf strategy=direct success=False file=NC_H09_20240731_2350_R21_FLDK.06001_06001.nc error=No module named 'h5py', backend not available. Please install 'h5py' into your Python environment.
2026-09-27 18:26:51,165 INFO Backend=h5py strategy=direct success=False file=NC_H09_20240731_2350_R21_FLDK.06001_06001.nc error=No module named 'h5py'
2026-09-27 18:26:54,100 INFO Cache sample=NC_H09_20240701_0000_R21_FLDK.06001_06001.nc success=True bytes=5502273
2026-09-27 18:26:56,839 INFO Cache sample=NC_H09_20240708_1810_R21_FLDK.06001_06001.nc success=True bytes=3473999
2026-09-27 18:27:00,193 INFO Cache sample=NC_H09_20240716_1150_R21_FLDK.06001_06001.nc success=True bytes=4748366
2026-09-27 18:27:02,956 INFO Cache sample=NC_H09_20240724_0620_R21_FLDK.06001_06001.nc success=True bytes=5826877
2026-09-27 18:27:05,705 INFO Cache sample=NC_H09_20240731_2350_R21_FLDK.06001_06001.nc success=True bytes=4948227
2026-09-27 18:27:06,342 INFO End=2026-09-27T10:27:06.342550+00:00 overall=DRY_RUN_FAILED blockers=['numcodecs', 'zarr', 'pyarrow OR fastparquet'] integrity=True
2026-09-27 18:27:06,342 INFO Month reads/QC/sequences/benchmark/dummy=NOT_RUN; config=F:\pytorch\Research\stage0_himawari\outputs\202407\run_20260927T102645_638388Z\reports\config.json
