REVIEW {"run_id": "run_20261002T004257_559320Z", "phase": "FULL_2024_REINFERENCE", "scenes_completed": 8, "scenes_required": 11727, "wall_seconds": 24.583660499999496, "N_valid": 27440, "N_rain": 137, "updated_utc": "2026-10-02T00:44:11.684335+00:00"}
REVIEW {"run_id": "run_20261002T004257_559320Z", "phase": "FULL_2024_REINFERENCE", "scenes_completed": 328, "scenes_required": 11727, "wall_seconds": 38.37721389999933, "N_valid": 1125040, "N_rain": 3491, "updated_utc": "2026-10-02T00:44:25.478491+00:00"}
REVIEW {"run_id": "run_20261002T004257_559320Z", "phase": "FULL_2024_REINFERENCE", "scenes_completed": 648, "scenes_required": 11727, "wall_seconds": 51.79515209999954, "N_valid": 2222640, "N_rain": 6901, "updated_utc": "2026-10-02T00:44:38.895843+00:00"}
REVIEW {"run_id": "run_20261002T004257_559320Z", "phase": "FULL_2024_REINFERENCE", "scenes_completed": 968, "scenes_required": 11727, "wall_seconds": 65.14639269999952, "N_valid": 3320240, "N_rain": 14681, "updated_utc": "2026-10-02T00:44:52.247093+00:00"}
REVIEW {"run_id": "run_20261002T004257_559320Z", "phase": "FULL_2024_REINFERENCE", "scenes_completed": 1288, "scenes_required": 11727, "wall_seconds": 78.58194819999972, "N_valid": 4417840, "N_rain": 51771, "updated_utc": "2026-10-02T00:45:05.683301+00:00"}
REVIEW {"run_id": "run_20261002T004257_559320Z", "phase": "FULL_2024_REINFERENCE", "scenes_completed": 1608, "scenes_required": 11727, "wall_seconds": 92.03886809999949, "N_valid": 5515440, "N_rain": 94139, "updated_utc": "2026-10-02T00:45:19.139720+00:00"}
REVIEW {"run_id": "run_20261002T004257_559320Z", "phase": "FULL_2024_REINFERENCE", "scenes_completed": 1928, "scenes_required": 11727, "wall_seconds": 105.43042509999941, "N_valid": 6613040, "N_rain": 111801, "updated_utc": "2026-10-02T00:45:32.532019+00:00"}
REVIEW {"run_id": "run_20261002T004257_559320Z", "phase": "FULL_2024_REINFERENCE", "scenes_completed": 2248, "scenes_required": 11727, "wall_seconds": 118.85345919999963, "N_valid": 7710640, "N_rain": 130372, "updated_utc": "2026-10-02T00:45:45.954634+00:00"}
REVIEW {"run_id": "run_20261002T004257_559320Z", "phase": "FULL_2024_REINFERENCE", "scenes_completed": 2568, "scenes_required": 11727, "wall_seconds": 132.36946649999936, "N_valid": 8808240, "N_rain": 197744, "updated_utc": "2026-10-02T00:45:59.470501+00:00"}
REVIEW {"run_id": "run_20261002T004257_559320Z", "phase": "FULL_2024_REINFERENCE", "scenes_completed": 2888, "scenes_required": 11727, "wall_seconds": 145.80352929999935, "N_valid": 9905840, "N_rain": 226258, "updated_utc": "2026-10-02T00:46:12.905145+00:00"}
REVIEW {"run_id": "run_20261002T004257_559320Z", "phase": "FULL_2024_REINFERENCE", "scenes_completed": 3208, "scenes_required": 11727, "wall_seconds": 159.4202626999995, "N_valid": 11003440, "N_rain": 321281, "updated_utc": "2026-10-02T00:46:26.521663+00:00"}
REVIEW {"run_id": "run_20261002T004257_559320Z", "phase": "FULL_2024_REINFERENCE", "scenes_completed": 3528, "scenes_required": 11727, "wall_seconds": 173.0006255999997, "N_valid": 12101040, "N_rain": 460700, "updated_utc": "2026-10-02T00:46:40.102449+00:00"}
REVIEW {"run_id": "run_20261002T004257_559320Z", "phase": "FULL_2024_REINFERENCE", "scenes_completed": 3848, "scenes_required": 11727, "wall_seconds": 186.51362059999974, "N_valid": 13198640, "N_rain": 573566, "updated_utc": "2026-10-02T00:46:53.614905+00:00"}
REVIEW {"run_id": "run_20261002T004257_559320Z", "phase": "FULL_2024_REINFERENCE", "scenes_completed": 4168, "scenes_required": 11727, "wall_seconds": 200.1823392999995, "N_valid": 14296240, "N_rain": 760324, "updated_utc": "2026-10-02T00:47:07.284086+00:00"}
REVIEW {"run_id": "run_20261002T004257_559320Z", "phase": "FULL_2024_REINFERENCE", "scenes_completed": 4488, "scenes_required": 11727, "wall_seconds": 213.8113528999993, "N_valid": 15393840, "N_rain": 930290, "updated_utc": "2026-10-02T00:47:20.912681+00:00"}
REVIEW {"run_id": "run_20261002T004257_559320Z", "phase": "FULL_2024_REINFERENCE", "scenes_completed": 4808, "scenes_required": 11727, "wall_seconds": 227.4038075999997, "N_valid": 16491440, "N_rain": 1078085, "updated_utc": "2026-10-02T00:47:34.505469+00:00"}
REVIEW {"run_id": "run_20261002T004257_559320Z", "phase": "FULL_2024_REINFERENCE", "scenes_completed": 5128, "scenes_required": 11727, "wall_seconds": 240.98785449999923, "N_valid": 17589040, "N_rain": 1258679, "updated_utc": "2026-10-02T00:47:48.089528+00:00"}
REVIEW {"run_id": "run_20261002T004257_559320Z", "phase": "FULL_2024_REINFERENCE", "scenes_completed": 5448, "scenes_required": 11727, "wall_seconds": 254.51754259999962, "N_valid": 18686640, "N_rain": 1394535, "updated_utc": "2026-10-02T00:48:01.618948+00:00"}
REVIEW {"run_id": "run_20261002T004257_559320Z", "phase": "FULL_2024_REINFERENCE", "scenes_completed": 5768, "scenes_required": 11727, "wall_seconds": 268.2761948999996, "N_valid": 19784240, "N_rain": 1637061, "updated_utc": "2026-10-02T00:48:15.377502+00:00"}
REVIEW {"run_id": "run_20261002T004257_559320Z", "phase": "FULL_2024_REINFERENCE", "scenes_completed": 6088, "scenes_required": 11727, "wall_seconds": 282.0819230999996, "N_valid": 20881840, "N_rain": 1951766, "updated_utc": "2026-10-02T00:48:29.184027+00:00"}
REVIEW {"run_id": "run_20261002T004257_559320Z", "phase": "FULL_2024_REINFERENCE", "scenes_completed": 6408, "scenes_required": 11727, "wall_seconds": 295.6548516999992, "N_valid": 21979440, "N_rain": 2135214, "updated_utc": "2026-10-02T00:48:42.756435+00:00"}
REVIEW {"run_id": "run_20261002T004257_559320Z", "phase": "FULL_2024_REINFERENCE", "scenes_completed": 6728, "scenes_required": 11727, "wall_seconds": 309.2081970999998, "N_valid": 23077040, "N_rain": 2293828, "updated_utc": "2026-10-02T00:48:56.310314+00:00"}
REVIEW {"run_id": "run_20261002T004257_559320Z", "phase": "FULL_2024_REINFERENCE", "scenes_completed": 7048, "scenes_required": 11727, "wall_seconds": 322.78141739999955, "N_valid": 24174640, "N_rain": 2469821, "updated_utc": "2026-10-02T00:49:09.883987+00:00"}
REVIEW {"run_id": "run_20261002T004257_559320Z", "phase": "FULL_2024_REINFERENCE", "scenes_completed": 7368, "scenes_required": 11727, "wall_seconds": 336.6127377999992, "N_valid": 25272240, "N_rain": 2800540, "updated_utc": "2026-10-02T00:49:23.715014+00:00"}
REVIEW {"run_id": "run_20261002T004257_559320Z", "phase": "FULL_2024_REINFERENCE", "scenes_completed": 7688, "scenes_required": 11727, "wall_seconds": 350.24758069999916, "N_valid": 26369840, "N_rain": 3008950, "updated_utc": "2026-10-02T00:49:37.350287+00:00"}
REVIEW {"run_id": "run_20261002T004257_559320Z", "phase": "FULL_2024_REINFERENCE", "scenes_completed": 8008, "scenes_required": 11727, "wall_seconds": 363.7877826999993, "N_valid": 27467440, "N_rain": 3168443, "updated_utc": "2026-10-02T00:49:50.890331+00:00"}
REVIEW {"run_id": "run_20261002T004257_559320Z", "phase": "FULL_2024_REINFERENCE", "scenes_completed": 8328, "scenes_required": 11727, "wall_seconds": 377.4657709999992, "N_valid": 28565040, "N_rain": 3400102, "updated_utc": "2026-10-02T00:50:04.568513+00:00"}
REVIEW {"run_id": "run_20261002T004257_559320Z", "phase": "FULL_2024_REINFERENCE", "scenes_completed": 8648, "scenes_required": 11727, "wall_seconds": 390.9829383999995, "N_valid": 29662640, "N_rain": 3546336, "updated_utc": "2026-10-02T00:50:18.085451+00:00"}
REVIEW {"run_id": "run_20261002T004257_559320Z", "phase": "FULL_2024_REINFERENCE", "scenes_completed": 8968, "scenes_required": 11727, "wall_seconds": 404.61266780000005, "N_valid": 30760240, "N_rain": 3727238, "updated_utc": "2026-10-02T00:50:31.715108+00:00"}
REVIEW {"run_id": "run_20261002T004257_559320Z", "phase": "FULL_2024_REINFERENCE", "scenes_completed": 9288, "scenes_required": 11727, "wall_seconds": 418.38670529999945, "N_valid": 31857840, "N_rain": 4009289, "updated_utc": "2026-10-02T00:50:45.489210+00:00"}
REVIEW {"run_id": "run_20261002T004257_559320Z", "phase": "FULL_2024_REINFERENCE", "scenes_completed": 9608, "scenes_required": 11727, "wall_seconds": 431.8743403999997, "N_valid": 32955440, "N_rain": 4133382, "updated_utc": "2026-10-02T00:50:58.977467+00:00"}
REVIEW {"run_id": "run_20261002T004257_559320Z", "phase": "FULL_2024_REINFERENCE", "scenes_completed": 9928, "scenes_required": 11727, "wall_seconds": 445.3628512999994, "N_valid": 34053040, "N_rain": 4183322, "updated_utc": "2026-10-02T00:51:12.465180+00:00"}
REVIEW {"run_id": "run_20261002T004257_559320Z", "phase": "FULL_2024_REINFERENCE", "scenes_completed": 10248, "scenes_required": 11727, "wall_seconds": 458.9063413999993, "N_valid": 35150640, "N_rain": 4335261, "updated_utc": "2026-10-02T00:51:26.009651+00:00"}
REVIEW {"run_id": "run_20261002T004257_559320Z", "phase": "FULL_2024_REINFERENCE", "scenes_completed": 10568, "scenes_required": 11727, "wall_seconds": 472.31946849999986, "N_valid": 36248240, "N_rain": 4409440, "updated_utc": "2026-10-02T00:51:39.422755+00:00"}
REVIEW {"run_id": "run_20261002T004257_559320Z", "phase": "FULL_2024_REINFERENCE", "scenes_completed": 10888, "scenes_required": 11727, "wall_seconds": 485.8342021999997, "N_valid": 37345840, "N_rain": 4528866, "updated_utc": "2026-10-02T00:51:52.937113+00:00"}
REVIEW {"run_id": "run_20261002T004257_559320Z", "phase": "FULL_2024_REINFERENCE", "scenes_completed": 11208, "scenes_required": 11727, "wall_seconds": 499.3778542, "N_valid": 38443440, "N_rain": 4657836, "updated_utc": "2026-10-02T00:52:06.480670+00:00"}
REVIEW {"run_id": "run_20261002T004257_559320Z", "phase": "FULL_2024_REINFERENCE", "scenes_completed": 11528, "scenes_required": 11727, "wall_seconds": 512.8938058999993, "N_valid": 39541040, "N_rain": 4798566, "updated_utc": "2026-10-02T00:52:19.997003+00:00"}
REVIEW {"run_id": "run_20261002T004257_559320Z", "phase": "FULL_2024_REINFERENCE", "scenes_completed": 11727, "scenes_required": 11727, "wall_seconds": 521.3012223999995, "N_valid": 40223610, "N_rain": 4809183, "updated_utc": "2026-10-02T00:52:28.403978+00:00"}
Traceback (most recent call last):
  File "C:\Users\chenerxiao\Documents\极端降水预测\YunTAPR-Net-push-chunks\scripts\review_b0_phase_a_scientific_v1.py", line 507, in <module>
    main()
  File "C:\Users\chenerxiao\Documents\极端降水预测\YunTAPR-Net-push-chunks\scripts\review_b0_phase_a_scientific_v1.py", line 495, in main
    inference(out)
  File "C:\Users\chenerxiao\Documents\极端降水预测\YunTAPR-Net-push-chunks\scripts\review_b0_phase_a_scientific_v1.py", line 377, in inference
    write_metrics(out, acc, global_report, yunnan)
  File "C:\Users\chenerxiao\Documents\极端降水预测\YunTAPR-Net-push-chunks\scripts\review_b0_phase_a_scientific_v1.py", line 447, in write_metrics
    with Dataset(str(out / "spatial_cell_metrics.nc"), "w", format="NETCDF4") as nc:
         ^^^^^^^^^^^^^^^^^^^^^^^^^^^^^^^^^^^^^^^^^^^^^^^^^^^^^^^^^^^^^^^^^^^^
  File "src/netCDF4/_netCDF4.pyx", line 2521, in netCDF4._netCDF4.Dataset.__init__
  File "src/netCDF4/_netCDF4.pyx", line 2158, in netCDF4._netCDF4._ensure_nc_success
PermissionError: [Errno 13] Permission denied: 'C:\\Users\\chenerxiao\\Documents\\极端降水预测\\YunTAPR-Net-push-chunks\\docs\\scientific_review\\b0_phase_a\\runs\\run_20261002T004257_559320Z\\spatial_cell_metrics.nc'
