BEGIN Stage-0 P0 audit
{
  "python": "F:\\pytorch\\Research\\.venv\\Scripts\\python.exe",
  "version": "3.12.14 (main, Aug 14 2026, 15:40:22) [MSC v.1944 64 bit (AMD64)]",
  "platform": "Windows-11-10.0.26100-SP0",
  "started_utc": "2026-09-27T16:13:11.546977+00:00",
  "packages": {
    "certifi": "2026.7.22",
    "cftime": "1.6.5",
    "click": "8.5.0",
    "cloudpickle": "3.1.2",
    "contourpy": "1.4.0",
    "cycler": "0.12.1",
    "dask": "2026.8.0",
    "donfig": "0.8.1.post1",
    "filelock": "4.0.3",
    "fonttools": "4.66.0",
    "fsspec": "2026.9.0",
    "google-crc32c": "1.9.0",
    "h5netcdf": "1.8.1",
    "Jinja2": "3.1.6",
    "kiwisolver": "1.5.1",
    "locket": "1.0.0",
    "MarkupSafe": "3.0.3",
    "matplotlib": "3.11.2",
    "mpmath": "1.3.0",
    "msgspec": "0.21.1",
    "netCDF4": "1.7.4",
    "networkx": "3.7",
    "numcodecs": "0.17.0",
    "numpy": "2.5.3",
    "packaging": "26.3",
    "pandas": "3.0.6",
    "partd": "1.4.2",
    "pillow": "12.3.0",
    "pip": "26.2.1",
    "pyarrow": "25.0.1",
    "pyparsing": "3.3.3",
    "python-dateutil": "2.9.0.post0",
    "PyYAML": "6.0.3",
    "scipy": "1.18.1",
    "setuptools": "84.0.0",
    "six": "1.17.0",
    "sympy": "1.14.0",
    "toolz": "1.1.0",
    "torch": "2.14.0",
    "typing_extensions": "4.16.0",
    "tzdata": "2026.4",
    "xarray": "2026.7.0",
    "zarr": "3.4.0"
  },
  "output": "F:\\pytorch\\Research\\outputs\\stage0_p0_audit\\run_20260927T161311_417313Z",
  "cache": "F:\\pytorch\\Research\\cache\\stage0_p0_audit\\run_20260927T161311_417313Z"
}
2026-09-28 00:25:42,568 INFO P0 DATA AUDIT START python=F:\pytorch\Research\.venv\Scripts\python.exe
2026-09-28 00:25:45,301 INFO Actual scan: IMERG=2465 HIMAWARI_202407=4390
2026-09-28 00:25:52,663 INFO IMERG audited 100/2465 files; needs_review=0
2026-09-28 00:26:00,255 INFO IMERG audited 200/2465 files; needs_review=0
2026-09-28 00:26:07,369 INFO IMERG audited 300/2465 files; needs_review=0
2026-09-28 00:26:14,531 INFO IMERG audited 400/2465 files; needs_review=0
2026-09-28 00:26:21,559 INFO IMERG audited 500/2465 files; needs_review=0
2026-09-28 00:26:29,250 INFO IMERG audited 600/2465 files; needs_review=0
2026-09-28 00:26:36,187 INFO IMERG audited 700/2465 files; needs_review=0
2026-09-28 00:26:42,906 INFO IMERG audited 800/2465 files; needs_review=0
2026-09-28 00:26:50,225 INFO IMERG audited 900/2465 files; needs_review=0
2026-09-28 00:26:57,343 INFO IMERG audited 1000/2465 files; needs_review=0
2026-09-28 00:27:04,757 INFO IMERG audited 1100/2465 files; needs_review=0
2026-09-28 00:27:11,749 INFO IMERG audited 1200/2465 files; needs_review=0
2026-09-28 00:27:19,443 INFO IMERG audited 1300/2465 files; needs_review=0
2026-09-28 00:27:26,542 INFO IMERG audited 1400/2465 files; needs_review=0
2026-09-28 00:27:33,708 INFO IMERG audited 1500/2465 files; needs_review=0
2026-09-28 00:27:40,464 INFO IMERG audited 1600/2465 files; needs_review=0
2026-09-28 00:27:47,910 INFO IMERG audited 1700/2465 files; needs_review=0
2026-09-28 00:27:54,758 INFO IMERG audited 1800/2465 files; needs_review=0
2026-09-28 00:28:01,836 INFO IMERG audited 1900/2465 files; needs_review=0
2026-09-28 00:28:08,752 INFO IMERG audited 2000/2465 files; needs_review=0
2026-09-28 00:28:16,271 INFO IMERG audited 2100/2465 files; needs_review=0
2026-09-28 00:28:22,760 INFO IMERG audited 2200/2465 files; needs_review=0
2026-09-28 00:28:29,925 INFO IMERG audited 2300/2465 files; needs_review=0
2026-09-28 00:28:36,875 INFO IMERG audited 2400/2465 files; needs_review=0
2026-09-28 00:28:41,396 INFO IMERG audited 2465/2465 files; needs_review=0
2026-09-28 00:28:41,575 INFO IMERG audit complete seconds=176.272
2026-09-28 00:28:48,500 INFO Himawari latency 200/4390
2026-09-28 00:28:55,791 INFO Himawari latency 400/4390
2026-09-28 00:29:03,699 INFO Himawari latency 600/4390
2026-09-28 00:29:11,049 INFO Himawari latency 800/4390
2026-09-28 00:29:18,242 INFO Himawari latency 1000/4390
2026-09-28 00:29:24,732 INFO Himawari latency 1200/4390
2026-09-28 00:29:30,809 INFO Himawari latency 1400/4390
2026-09-28 00:29:36,799 INFO Himawari latency 1600/4390
2026-09-28 00:29:42,537 INFO Himawari latency 1800/4390
2026-09-28 00:29:48,537 INFO Himawari latency 2000/4390
2026-09-28 00:29:54,403 INFO Himawari latency 2200/4390
2026-09-28 00:30:00,329 INFO Himawari latency 2400/4390
2026-09-28 00:30:06,043 INFO Himawari latency 2600/4390
2026-09-28 00:30:11,551 INFO Himawari latency 2800/4390
2026-09-28 00:30:17,405 INFO Himawari latency 3000/4390
2026-09-28 00:30:23,031 INFO Himawari latency 3200/4390
2026-09-28 00:30:28,898 INFO Himawari latency 3400/4390
2026-09-28 00:30:34,537 INFO Himawari latency 3600/4390
2026-09-28 00:30:39,958 INFO Himawari latency 3800/4390
2026-09-28 00:30:46,212 INFO Himawari latency 4000/4390
2026-09-28 00:30:52,053 INFO Himawari latency 4200/4390
2026-09-28 00:30:57,379 INFO Himawari latency 4390/4390
2026-09-28 00:30:57,459 INFO DATA AUDIT FINISHED {'data_execution_status': 'COMPLETED_PENDING_FINAL_CHECKS', 'imerg_files': 2465, 'himawari_files': 4390, 'imerg_seconds': 176.27216800000315, 'himawari_seconds': 135.88202590000583, 'total_data_run_seconds': 314.8890546000039, 'ended_utc': '2026-09-27T16:30:57.457942+00:00'}
2026-09-28 00:36:30,424 INFO FINAL_STATUS {'status': 'NEEDS_REVIEW', 'engineering_execution': 'PASS', 'imerg_files': 2465, 'imerg_open_success': 2465, 'imerg_open_failed': 0, 'years': {2019: 365, 2020: 366, 2021: 365, 2022: 365, 2023: 365, 2024: 366, 2025: 273}, 'imerg_first_date': '2019-01-01', 'imerg_last_date': '2025-09-30', 'imerg_missing_dates_within_observed_span': 0, 'imerg_duplicate_date_files': 0, 'imerg_expected_title_files': 2465, 'imerg_expected_source_files': 2465, 'imerg_48_frames_files': 2465, 'imerg_exact_daily_slots_files': 2465, 'imerg_strict_30min_files': 2465, 'imerg_unique_grid_count': 1, 'imerg_unique_lat_hash_count': 1, 'imerg_unique_lon_hash_count': 1, 'imerg_unique_precipitation_shapes': ['(48, 130, 140)'], 'imerg_units': ['mm hr-1'], 'imerg_invalid_precip_pixel_count': 0, 'imerg_invalid_QI_pixel_count': 0, 'imerg_precip_min': 0.0, 'imerg_precip_max': 116.29000091552734, 'imerg_negative_precip_count': 0, 'imerg_needs_review_file_count': 0, 'himawari_files': 4390, 'himawari_parsed': 4390, 'himawari_anomaly_counts': {'LATENCY_TAIL_REVIEW': 44}, 'creation_delay_quantiles_seconds': {'p50': 542.975124, 'p95': 668.44327495, 'p99': 844.6853707599998}, 'creation_delay_max_seconds': 3594.341787, 'latency_tail_review_files': 44, 'p99_rule': 'p99 is a distribution-tail review marker only; it is not an exclusion criterion, QC threshold, or scientific threshold.', 'causal_as_latest_true': 4390, 'causal_as_latest_false': 0, 'causal_as_latest_unknown': 0, 'causal_as_latest_pass_fraction': 1.0, 'pytest_test_count': 29, 'pytest_failures': 0, 'source_integrity_pass': True, 'raw_F_H_modified': False, 'availability_time_conclusion': 'Not established from current metadata alone.', 'formal_research_years_changed': False, 'normalization_or_training_executed': False, 'staging': {'copy_count': 6855, 'cumulative_copied_bytes': 22106487072, 'max_single_copy_bytes': 5935249, 'copy_seconds': 71.53838880013063, 'read_and_analysis_seconds': 186.09811650042684, 'cleanup_failures': 0, 'remaining_staged_nc_bytes': 0}, 'timing': {'data_execution_status': 'COMPLETED_PENDING_FINAL_CHECKS', 'imerg_files': 2465, 'himawari_files': 4390, 'imerg_seconds': 176.27216800000315, 'himawari_seconds': 135.88202590000583, 'total_data_run_seconds': 314.8890546000039, 'ended_utc': '2026-09-27T16:30:57.457942+00:00'}, 'ended_utc': '2026-09-27T16:36:30.382770+00:00'}
